test_three_claims_are_three_attempts (tests.test_core.CoreTests.test_three_claims_are_three_attempts) ... ok
test_ack_timeout_survives_worker_restart (tests.test_identity.IdentityTests.test_ack_timeout_survives_worker_restart) ... ok
test_agent_offline_makes_execution_visible (tests.test_identity.IdentityTests.test_agent_offline_makes_execution_visible) ... ok
test_binding_replacement_preserves_human_accountability (tests.test_identity.IdentityTests.test_binding_replacement_preserves_human_accountability) ... ok
test_bootstrap_real_command_path (tests.test_identity.IdentityTests.test_bootstrap_real_command_path) ... ok
test_three_claims_are_three_attempts (tests.test_identity.IdentityTests.test_three_claims_are_three_attempts) ... ok

----------------------------------------------------------------------
Ran 6 tests in 1.314s

OK

test_bad_data_and_missing_credential_do_not_change_state (tests.test_agent_access.AgentAccessTests.test_bad_data_and_missing_credential_do_not_change_state) ... ok
test_credentials_not_in_events_and_legacy_ui_cannot_open_lab (tests.test_agent_access.AgentAccessTests.test_credentials_not_in_events_and_legacy_ui_cannot_open_lab) ... ok
test_failure_and_boundary_cannot_self_approve (tests.test_agent_access.AgentAccessTests.test_failure_and_boundary_cannot_self_approve) ... ok
test_identity_spoof_and_human_authority_paths_rejected (tests.test_agent_access.AgentAccessTests.test_identity_spoof_and_human_authority_paths_rejected) ... ok
test_registration_is_pending_and_retry_does_not_duplicate_events (tests.test_agent_access.AgentAccessTests.test_registration_is_pending_and_retry_does_not_duplicate_events) ... ok
test_replacement_binding_denies_old_credential (tests.test_agent_access.AgentAccessTests.test_replacement_binding_denies_old_credential) ... ok
test_revoke_interrupts_work_and_invalidates_token (tests.test_agent_access.AgentAccessTests.test_revoke_interrupts_work_and_invalidates_token) ... ok
test_separate_process_client_registers_runs_and_replays (tests.test_agent_access.AgentAccessTests.test_separate_process_client_registers_runs_and_replays) ... ok
test_silent_failure_timeout_and_human_recovery (tests.test_agent_access.AgentAccessTests.test_silent_failure_timeout_and_human_recovery) ... ok
test_task_hau_scope_and_filtered_queries (tests.test_agent_access.AgentAccessTests.test_task_hau_scope_and_filtered_queries) ... ok
test_undelegated_command_rejected (tests.test_agent_access.AgentAccessTests.test_undelegated_command_rejected) ... ok

----------------------------------------------------------------------
Ran 11 tests in 8.855s

OK

test_active_adopters_are_listed_without_pausing (tests.test_revalidation.RevalidationTests.test_active_adopters_are_listed_without_pausing) ... ok
test_late_issue_invalidates_successor_and_reopens_impact (tests.test_revalidation.RevalidationTests.test_late_issue_invalidates_successor_and_reopens_impact) ... ok
test_new_revision_cannot_skip_reason (tests.test_revalidation.RevalidationTests.test_new_revision_cannot_skip_reason) ... ok
test_new_task_revalidation_preserves_invalid_history (tests.test_revalidation.RevalidationTests.test_new_task_revalidation_preserves_invalid_history) ... ok
test_no_premature_completion_or_authority_bypass (tests.test_revalidation.RevalidationTests.test_no_premature_completion_or_authority_bypass) ... ok
test_pending_plan_limits_successor_to_trial_tasks (tests.test_revalidation.RevalidationTests.test_pending_plan_limits_successor_to_trial_tasks) ... ok
test_plan_boundary_expansion_fails_atomically (tests.test_revalidation.RevalidationTests.test_plan_boundary_expansion_fails_atomically) ... ok
test_rejected_use_failure_does_not_invalidate_unused_knowledge (tests.test_revalidation.RevalidationTests.test_rejected_use_failure_does_not_invalidate_unused_knowledge) ... ok
test_wrong_new_task_cannot_complete_plan (tests.test_revalidation.RevalidationTests.test_wrong_new_task_cannot_complete_plan) ... ok

----------------------------------------------------------------------
Ran 9 tests in 2.757s

OK

test_agent_cannot_use_browser_control (tests.test_human_web.HumanWebTests.test_agent_cannot_use_browser_control) ... ok
test_public_shell_never_discloses_control_key (tests.test_human_web.HumanWebTests.test_public_shell_never_discloses_control_key) ... ok
test_same_origin_control_and_cross_origin_denial (tests.test_human_web.HumanWebTests.test_same_origin_control_and_cross_origin_denial) ... ok

----------------------------------------------------------------------
Ran 3 tests in 1.758s

OK

