test_command_idempotency (tests.test_portal.PortalTests.test_command_idempotency) ... ok
test_foreign_agent_and_actor_spoof_rejected (tests.test_portal.PortalTests.test_foreign_agent_and_actor_spoof_rejected) ... ok
test_login_identity_csrf_logout_and_persistence (tests.test_portal.PortalTests.test_login_identity_csrf_logout_and_persistence) ... ok
test_no_operator_or_bootstrap_escape (tests.test_portal.PortalTests.test_no_operator_or_bootstrap_escape) ... ok
test_password_hash_and_login_rejection (tests.test_portal.PortalTests.test_password_hash_and_login_rejection) ... ok
test_rate_limit_and_expired_session (tests.test_portal.PortalTests.test_rate_limit_and_expired_session) ... ok

----------------------------------------------------------------------
Ran 6 tests in 4.954s

OK

test_bad_data_and_missing_credential_do_not_change_state (tests.test_agent_access.AgentAccessTests.test_bad_data_and_missing_credential_do_not_change_state) ... ok
test_credentials_not_in_events_and_legacy_ui_cannot_open_lab (tests.test_agent_access.AgentAccessTests.test_credentials_not_in_events_and_legacy_ui_cannot_open_lab) ... ok
test_failure_and_boundary_cannot_self_approve (tests.test_agent_access.AgentAccessTests.test_failure_and_boundary_cannot_self_approve) ... ok
test_identity_spoof_and_human_authority_paths_rejected (tests.test_agent_access.AgentAccessTests.test_identity_spoof_and_human_authority_paths_rejected) ... ok
test_registration_is_pending_and_retry_does_not_duplicate_events (tests.test_agent_access.AgentAccessTests.test_registration_is_pending_and_retry_does_not_duplicate_events) ... ok
test_replacement_binding_denies_old_credential (tests.test_agent_access.AgentAccessTests.test_replacement_binding_denies_old_credential) ... ok
test_revoke_interrupts_work_and_invalidates_token (tests.test_agent_access.AgentAccessTests.test_revoke_interrupts_work_and_invalidates_token) ... ok
test_separate_process_client_registers_runs_and_replays (tests.test_agent_access.AgentAccessTests.test_separate_process_client_registers_runs_and_replays) ... ok
test_silent_failure_timeout_and_human_recovery (tests.test_agent_access.AgentAccessTests.test_silent_failure_timeout_and_human_recovery) ... ok
test_task_hau_scope_and_filtered_queries (tests.test_agent_access.AgentAccessTests.test_task_hau_scope_and_filtered_queries) ... ok
test_undelegated_command_rejected (tests.test_agent_access.AgentAccessTests.test_undelegated_command_rejected) ... ok

----------------------------------------------------------------------
Ran 11 tests in 9.378s

OK

