test_three_claims_are_three_attempts (tests.test_core.CoreTests.test_three_claims_are_three_attempts) ... ok
test_ack_timeout_survives_worker_restart (tests.test_identity.IdentityTests.test_ack_timeout_survives_worker_restart) ... ok
test_agent_offline_makes_execution_visible (tests.test_identity.IdentityTests.test_agent_offline_makes_execution_visible) ... ok
test_binding_replacement_preserves_human_accountability (tests.test_identity.IdentityTests.test_binding_replacement_preserves_human_accountability) ... ok
test_bootstrap_real_command_path (tests.test_identity.IdentityTests.test_bootstrap_real_command_path) ... ok
test_three_claims_are_three_attempts (tests.test_identity.IdentityTests.test_three_claims_are_three_attempts) ... ok

----------------------------------------------------------------------
Ran 6 tests in 0.445s

OK

test_agent_gateway (unittest.loader._FailedTest.test_agent_gateway) ... ERROR

======================================================================
ERROR: test_agent_gateway (unittest.loader._FailedTest.test_agent_gateway)
----------------------------------------------------------------------
ImportError: Failed to import test module: test_agent_gateway
Traceback (most recent call last):
  File "C:\Python314\Lib\unittest\loader.py", line 141, in loadTestsFromName
    module = __import__(module_name)
ModuleNotFoundError: No module named 'tests.test_agent_gateway'


----------------------------------------------------------------------
Ran 1 test in 0.000s

FAILED (errors=1)

test_active_adopters_are_listed_without_pausing (tests.test_revalidation.RevalidationTests.test_active_adopters_are_listed_without_pausing) ... ok
test_late_issue_invalidates_successor_and_reopens_impact (tests.test_revalidation.RevalidationTests.test_late_issue_invalidates_successor_and_reopens_impact) ... ok
test_new_revision_cannot_skip_reason (tests.test_revalidation.RevalidationTests.test_new_revision_cannot_skip_reason) ... ok
test_new_task_revalidation_preserves_invalid_history (tests.test_revalidation.RevalidationTests.test_new_task_revalidation_preserves_invalid_history) ... ok
test_no_premature_completion_or_authority_bypass (tests.test_revalidation.RevalidationTests.test_no_premature_completion_or_authority_bypass) ... ok
test_pending_plan_limits_successor_to_trial_tasks (tests.test_revalidation.RevalidationTests.test_pending_plan_limits_successor_to_trial_tasks) ... ok
test_plan_boundary_expansion_fails_atomically (tests.test_revalidation.RevalidationTests.test_plan_boundary_expansion_fails_atomically) ... ok
test_rejected_use_failure_does_not_invalidate_unused_knowledge (tests.test_revalidation.RevalidationTests.test_rejected_use_failure_does_not_invalidate_unused_knowledge) ... ok
test_wrong_new_task_cannot_complete_plan (tests.test_revalidation.RevalidationTests.test_wrong_new_task_cannot_complete_plan) ... ok

----------------------------------------------------------------------
Ran 9 tests in 4.388s

OK

test_agent_cannot_use_browser_control (tests.test_human_web.HumanWebTests.test_agent_cannot_use_browser_control) ... ok
test_public_shell_never_discloses_control_key (tests.test_human_web.HumanWebTests.test_public_shell_never_discloses_control_key) ... ok
test_same_origin_control_and_cross_origin_denial (tests.test_human_web.HumanWebTests.test_same_origin_control_and_cross_origin_denial) ... ok

----------------------------------------------------------------------
Ran 3 tests in 1.641s

OK

