test_agent_cannot_use_browser_control (tests.test_human_web.HumanWebTests.test_agent_cannot_use_browser_control) ... ok
test_public_shell_never_discloses_control_key (tests.test_human_web.HumanWebTests.test_public_shell_never_discloses_control_key) ... ok
test_same_origin_control_and_cross_origin_denial (tests.test_human_web.HumanWebTests.test_same_origin_control_and_cross_origin_denial) ... ok

----------------------------------------------------------------------
Ran 3 tests in 2.307s

OK

test_bad_data_and_missing_credential_do_not_change_state (tests.test_agent_access.AgentAccessTests.test_bad_data_and_missing_credential_do_not_change_state) ... ok
test_credentials_not_in_events_and_legacy_ui_cannot_open_lab (tests.test_agent_access.AgentAccessTests.test_credentials_not_in_events_and_legacy_ui_cannot_open_lab) ... ok
test_failure_and_boundary_cannot_self_approve (tests.test_agent_access.AgentAccessTests.test_failure_and_boundary_cannot_self_approve) ... ok
test_identity_spoof_and_human_authority_paths_rejected (tests.test_agent_access.AgentAccessTests.test_identity_spoof_and_human_authority_paths_rejected) ... ok
test_registration_is_pending_and_retry_does_not_duplicate_events (tests.test_agent_access.AgentAccessTests.test_registration_is_pending_and_retry_does_not_duplicate_events) ... ok
test_replacement_binding_denies_old_credential (tests.test_agent_access.AgentAccessTests.test_replacement_binding_denies_old_credential) ... ok
test_revoke_interrupts_work_and_invalidates_token (tests.test_agent_access.AgentAccessTests.test_revoke_interrupts_work_and_invalidates_token) ... ok
test_separate_process_client_registers_runs_and_replays (tests.test_agent_access.AgentAccessTests.test_separate_process_client_registers_runs_and_replays) ... ok
test_silent_failure_timeout_and_human_recovery (tests.test_agent_access.AgentAccessTests.test_silent_failure_timeout_and_human_recovery) ... ok
test_task_hau_scope_and_filtered_queries (tests.test_agent_access.AgentAccessTests.test_task_hau_scope_and_filtered_queries) ... ok
test_undelegated_command_rejected (tests.test_agent_access.AgentAccessTests.test_undelegated_command_rejected) ... ok

----------------------------------------------------------------------
Ran 11 tests in 9.680s

OK

