test_decisions_and_returns_cannot_be_collapsed (tests.test_contract_review.ContractReview.test_decisions_and_returns_cannot_be_collapsed) ... ok
test_private_thought_and_ambiguous_human_rejected (tests.test_contract_review.ContractReview.test_private_thought_and_ambiguous_human_rejected) ... ok
test_task_cannot_swallow_attempt_or_accountability (tests.test_contract_review.ContractReview.test_task_cannot_swallow_attempt_or_accountability) ... ok

----------------------------------------------------------------------
Ran 3 tests in 0.000s

OK

test_concurrent_delivery_records_fact_once (tests.test_store_review.StoreReview.test_concurrent_delivery_records_fact_once) ... ok
test_key_collision_cannot_change_history (tests.test_store_review.StoreReview.test_key_collision_cannot_change_history) ... ok
test_multiple_formal_events_are_atomic (tests.test_store_review.StoreReview.test_multiple_formal_events_are_atomic) ... ok
test_persistence_idempotency_and_replay (tests.test_store_review.StoreReview.test_persistence_idempotency_and_replay) ... ok
test_tampered_event_is_not_a_valid_replay (tests.test_store_review.StoreReview.test_tampered_event_is_not_a_valid_replay) ... ok
test_multiple_formal_events_are_atomic (tests.test_store.StoreTests.test_multiple_formal_events_are_atomic) ... ok
test_persistence_idempotency_and_replay (tests.test_store.StoreTests.test_persistence_idempotency_and_replay) ... ok

----------------------------------------------------------------------
Ran 7 tests in 0.241s

OK

test_goal_authority_cannot_be_impersonated_by_agent (tests.test_core_review.CoreReview.test_goal_authority_cannot_be_impersonated_by_agent) ... ok
test_real_mode_is_not_silently_enabled (tests.test_core_review.CoreReview.test_real_mode_is_not_silently_enabled) ... ok
test_task_boundary_cannot_exceed_goal (tests.test_core_review.CoreReview.test_task_boundary_cannot_exceed_goal) ... ok
test_three_claims_are_three_attempts (tests.test_core_review.CoreReview.test_three_claims_are_three_attempts) ... ok
test_unpublished_and_foreign_claims_rejected (tests.test_core_review.CoreReview.test_unpublished_and_foreign_claims_rejected) ... ok
test_three_claims_are_three_attempts (tests.test_core.CoreTests.test_three_claims_are_three_attempts) ... ok

----------------------------------------------------------------------
Ran 6 tests in 0.365s

OK

test_ack_timeout_survives_worker_restart (tests.test_identity_review.IdentityReview.test_ack_timeout_survives_worker_restart) ... ok
test_agent_offline_makes_execution_visible (tests.test_identity_review.IdentityReview.test_agent_offline_makes_execution_visible) ... ok
test_binding_replacement_preserves_human_accountability (tests.test_identity_review.IdentityReview.test_binding_replacement_preserves_human_accountability) ... ok
test_bootstrap_real_command_path (tests.test_identity_review.IdentityReview.test_bootstrap_real_command_path) ... ok
test_no_agent_can_delegate_human_authority (tests.test_identity_review.IdentityReview.test_no_agent_can_delegate_human_authority) ... ok
test_permission_is_not_inferred_from_capability (tests.test_identity_review.IdentityReview.test_permission_is_not_inferred_from_capability) ... ok
test_replaced_agent_cannot_act_and_cannot_reassign_hau (tests.test_identity_review.IdentityReview.test_replaced_agent_cannot_act_and_cannot_reassign_hau) ... ok
test_three_claims_are_three_attempts (tests.test_identity_review.IdentityReview.test_three_claims_are_three_attempts) ... ok
test_ack_timeout_survives_worker_restart (tests.test_identity.IdentityTests.test_ack_timeout_survives_worker_restart) ... ok
test_agent_offline_makes_execution_visible (tests.test_identity.IdentityTests.test_agent_offline_makes_execution_visible) ... ok
test_binding_replacement_preserves_human_accountability (tests.test_identity.IdentityTests.test_binding_replacement_preserves_human_accountability) ... ok
test_bootstrap_real_command_path (tests.test_identity.IdentityTests.test_bootstrap_real_command_path) ... ok
test_three_claims_are_three_attempts (tests.test_identity.IdentityTests.test_three_claims_are_three_attempts) ... ok

----------------------------------------------------------------------
Ran 13 tests in 0.875s

OK

